// Jest Snapshot v1, https://goo.gl/fbAQLP

exports[`HomeComponent Snapshots Should be a simple HomeComponent 1`] = `
<ForwardRef(styled.div)>
  <Header />
  <UNDEFINED />
  <UNDEFINED />
</ForwardRef(styled.div)>
`;
