// Jest Snapshot v1, https://goo.gl/fbAQLP

exports[`HeaderComponent Snapshots Should be a simple HeaderComponent 1`] = `
<ForwardRef(styled.header)>
  <ForwardRef(styled.h1)>
     Jokes Categories 
  </ForwardRef(styled.h1)>
</ForwardRef(styled.header)>
`;
